temporary_super_granted
migration 001_initial already applied
migration 002_workflow_fields already applied
migration 003_order_intake_settings already applied
migration 004_cdk_batch_index already applied
migration 005_card_provisioning already applied
migration 006_cancellation_tracking already applied
migration 007_card_balance_and_payment_amount already applied
migration 008_card_transaction_evidence already applied
migration 009_card_transaction_merchant_evidence already applied
migration 010_operator_alerts already applied
migration 011_cdk_plan_and_revoke already applied
migration 012_card_stock already applied
migration 013_card_stock_jobs already applied
migration 014_card_provider_snapshot already applied
migration 015_card_catalog_snapshot already applied
migration 016_cdk_batches already applied
migration 017_order_compensations already applied
migration 018_cdk_security_hardening already applied
migration 019_card_reconciliation already applied
migration 020_runtime_health already applied
migration 021_foundation_v2_core already applied
migration 022_foundation_v2_operations already applied
migration 023_bark_notifications already applied
migration 024_traceability_center already applied
migration 025_session_recovery_and_finalization already applied
migration 026_automatic_fulfillment_funds_fence already applied
migration 027_browser_execution_control_plane already applied
migration 028_browser_artifact_vault_recovery already applied
migration 029_waiting_for_card already applied
migration 030_card_funding_attempts already applied
migration 031_browser_post_payment_lifecycle already applied
migration 032_browser_dispatch_queue already applied
migration 033_replenishment_settings_audit already applied
migration 034_card_funding_prepared_fence already applied
migration 035_card_funding_manual_actions already applied
migration 036_provider_route_switch_events already applied
migration 037_card_discovery_latest_index already applied
migration 038_card_consumption_capacity already applied
migration 039_card_consumption_attempt_link already applied
migration 040_card_operational_overrides already applied
migration 041_browser_worker_heartbeat already applied
migration 042_card_funding_settled_reusable already applied
migration 043_order_assigned_card already applied
migration 044_operator_alert_actionability already applied
migration 045_card_sync_priority already applied
migration 046_browser_billing_address_settings already applied
migration 047_browser_billing_address_assignments already applied
migration 048_manual_backup_card_import already applied
migration 049_browser_run_events already applied
migration 050_pro_products already applied
migration 051_orders_cdk_id_reusable already applied
migration 052_cards_bin already applied
migration 053_card_source_selections_and_supply already applied
migration 054_card_retirement already applied
applied migration 055_cdk_issuance_and_expiry
applied migration 056_cdk_sales_metadata
applied migration 057_alert_incident_version
applied migration 058_app_settings_report_capacity
-- second pass --
migration 001_initial already applied
migration 002_workflow_fields already applied
migration 003_order_intake_settings already applied
migration 004_cdk_batch_index already applied
migration 005_card_provisioning already applied
migration 006_cancellation_tracking already applied
migration 007_card_balance_and_payment_amount already applied
migration 008_card_transaction_evidence already applied
migration 009_card_transaction_merchant_evidence already applied
migration 010_operator_alerts already applied
migration 011_cdk_plan_and_revoke already applied
migration 012_card_stock already applied
migration 013_card_stock_jobs already applied
migration 014_card_provider_snapshot already applied
migration 015_card_catalog_snapshot already applied
migration 016_cdk_batches already applied
migration 017_order_compensations already applied
migration 018_cdk_security_hardening already applied
migration 019_card_reconciliation already applied
migration 020_runtime_health already applied
migration 021_foundation_v2_core already applied
migration 022_foundation_v2_operations already applied
migration 023_bark_notifications already applied
migration 024_traceability_center already applied
migration 025_session_recovery_and_finalization already applied
migration 026_automatic_fulfillment_funds_fence already applied
migration 027_browser_execution_control_plane already applied
migration 028_browser_artifact_vault_recovery already applied
migration 029_waiting_for_card already applied
migration 030_card_funding_attempts already applied
migration 031_browser_post_payment_lifecycle already applied
migration 032_browser_dispatch_queue already applied
migration 033_replenishment_settings_audit already applied
migration 034_card_funding_prepared_fence already applied
migration 035_card_funding_manual_actions already applied
migration 036_provider_route_switch_events already applied
migration 037_card_discovery_latest_index already applied
migration 038_card_consumption_capacity already applied
migration 039_card_consumption_attempt_link already applied
migration 040_card_operational_overrides already applied
migration 041_browser_worker_heartbeat already applied
migration 042_card_funding_settled_reusable already applied
migration 043_order_assigned_card already applied
migration 044_operator_alert_actionability already applied
migration 045_card_sync_priority already applied
migration 046_browser_billing_address_settings already applied
migration 047_browser_billing_address_assignments already applied
migration 048_manual_backup_card_import already applied
migration 049_browser_run_events already applied
migration 050_pro_products already applied
migration 051_orders_cdk_id_reusable already applied
migration 052_cards_bin already applied
migration 053_card_source_selections_and_supply already applied
migration 054_card_retirement already applied
migration 055_cdk_issuance_and_expiry already applied
migration 056_cdk_sales_metadata already applied
migration 057_alert_incident_version already applied
migration 058_app_settings_report_capacity already applied
temporary_super_revoked_and_verified
GRANT USAGE ON *.* TO `pojia_migrator`@`172.17.0.1`
GRANT ALL PRIVILEGES ON `pojia`.* TO `pojia_migrator`@`172.17.0.1`
058_app_settings_report_capacity
057_alert_incident_version
056_cdk_sales_metadata
operator_alert_incident_version_before_update	pojia_migrator@172.17.0.1
1	0
