== build bundle from 9b9f1812a709ca54b8f1b49a48a2e4c8a2669ad8 ==
release_manifest=OK tracked_files=1259
release_commit=9b9f1812a709ca54b8f1b49a48a2e4c8a2669ad8
release_bundle=/Users/lemon/code/AI充值业务/artifacts/release-candidate-20260921-step6-9b9f181
release_manifest=/Users/lemon/code/AI充值业务/artifacts/release-candidate-20260921-step6-9b9f181/source-manifest.sha256
== upload bundle ==
== archive hash ==
source.tar.gz: OK
== database backup ==
/var/backups/pojia/pojia-20260921T073430Z.sql.gz.enc: OK
backup_integrity=OK
backup_file=/var/backups/pojia/pojia-20260921T073430Z.sql.gz.enc
/var/backups/pojia/pojia-20260921T073430Z.sql.gz.enc: OK
backup_integrity=OK
backup_file=/var/backups/pojia/pojia-20260921T073430Z.sql.gz.enc
== extract ==
== verify manifest (all tracked files) ==
release_manifest=OK tracked_files=1259
== install deps (lockfiles unchanged; same as previous releases) ==
== ready to switch: /opt/pojia/releases/20260921-step6-9b9f181 ==
previous=/opt/pojia/releases/20260918-step5b-b0a36d4
