== build bundle from 8395fe3b19a3850c4566da64f05f148c17d9d57b ==
release_manifest=OK tracked_files=1258
release_commit=8395fe3b19a3850c4566da64f05f148c17d9d57b
release_bundle=/Users/lemon/code/AI充值业务/artifacts/release-candidate-20260921-step6-8395fe3
release_manifest=/Users/lemon/code/AI充值业务/artifacts/release-candidate-20260921-step6-8395fe3/source-manifest.sha256
== upload bundle ==
== archive hash ==
source.tar.gz: OK
== database backup ==
/var/backups/pojia/pojia-20260921T072732Z.sql.gz.enc: OK
backup_integrity=OK
backup_file=/var/backups/pojia/pojia-20260921T072732Z.sql.gz.enc
/var/backups/pojia/pojia-20260921T072732Z.sql.gz.enc: OK
backup_integrity=OK
backup_file=/var/backups/pojia/pojia-20260921T072732Z.sql.gz.enc
== extract ==
== verify manifest (all tracked files) ==
release_manifest=OK tracked_files=1258
== install deps (lockfiles unchanged; same as previous releases) ==
== ready to switch: /opt/pojia/releases/20260921-step6-8395fe3 ==
previous=/opt/pojia/releases/20260918-step5b-b0a36d4
